// Jest Snapshot v1, https://goo.gl/fbAQLP

exports[`MDNhelp matches the snapshot 1`] = `
<div>
  <input
    className="searchbar"
    onChange={[Function]}
    placeholder="Feeling stuck..? Let MDN help..."
    value=""
  />
  <button
    onClick={[Function]}
    type="Submit"
  >
    Submit
  </button>
  <ul />
</div>
`;
